// Jest Snapshot v1, https://goo.gl/fbAQLP

exports[`Title gets created 1`] = `
<div
  className="sc-bdVaJa cWPLMR"
>
  <h1 />
</div>
`;
